// Jest Snapshot v1, https://goo.gl/fbAQLP

exports[`<Copyright /> snapshot renders 1`] = `
<p
  className="MuiTypography-root MuiTypography-body2 MuiTypography-colorTextSecondary MuiTypography-alignCenter"
>
  Copyright Â© 
  <a
    className="MuiTypography-root MuiLink-root MuiLink-underlineHover MuiTypography-colorInherit"
    href="https://material-ui.com/"
    onBlur={[Function]}
    onFocus={[Function]}
  >
    MyTube
  </a>
   
  2020
  .
</p>
`;
